[presaletokenconfirmation.com/index.html]
[backblue.gif]
[fade.gif]
[index.html]
[presaletokenconfirmation.com/assets/css/animate.css]
[presaletokenconfirmation.com/assets/bootstrap/css/bootstrap.min.css]
[presaletokenconfirmation.com/assets/css/font-awesome.min.css]
[presaletokenconfirmation.com/assets/css/ionicons.min.css]
[presaletokenconfirmation.com/assets/css/cryptocoins.css]
[presaletokenconfirmation.com/assets/owlcarousel/css/owl.carousel.min.css]
[presaletokenconfirmation.com/assets/owlcarousel/css/owl.theme.default.min.css]
[presaletokenconfirmation.com/assets/css/magnific-popup.css]
[presaletokenconfirmation.com/assets/css/spop.min.css]
[presaletokenconfirmation.com/assets/css/style.css]
[presaletokenconfirmation.com/assets/css/responsive.css]
[presaletokenconfirmation.com/assets/color/theme.css]
[presaletokenconfirmation.com/index-2.html]
[presaletokenconfirmation.com/assets/images/icons8-ethereum.svg]
[presaletokenconfirmation.com/assets/images/bnb-logo.svg]
[presaletokenconfirmation.com/assets/images/busd-logo.svg]
[presaletokenconfirmation.com/assets/images/tether.svg]
[presaletokenconfirmation.com/assets/images/pulseyin-qr.jpg]
[presaletokenconfirmation.com/assets/images/banner.png]
[presaletokenconfirmation.com/assets/images/token_bg.png]
[presaletokenconfirmation.com/assets/images/sale-proceeds3.png]
[presaletokenconfirmation.com/assets/images/distribution3.png]
[presaletokenconfirmation.com/assets/images/footer_bg.png]
[presaletokenconfirmation.com/assets/js/jquery-3.6.0.min.js]
[presaletokenconfirmation.com/assets/bootstrap/js/bootstrap.min.js]
[presaletokenconfirmation.com/assets/owlcarousel/js/owl.carousel.min.js]
[presaletokenconfirmation.com/assets/js/magnific-popup.min.js]
[presaletokenconfirmation.com/assets/js/waypoints.min.js]
[presaletokenconfirmation.com/assets/js/parallax.js]
[presaletokenconfirmation.com/assets/js/jquery.countdown.min.js]
[presaletokenconfirmation.com/assets/js/particles.min.js]
[presaletokenconfirmation.com/assets/js/jquery.dd.min.js]
[presaletokenconfirmation.com/assets/js/jquery.counterup.min.js]
[presaletokenconfirmation.com/assets/js/modern_canvas.js]
[presaletokenconfirmation.com/assets/js/spop.min.js]
[presaletokenconfirmation.com/assets/js/notification.js]
[presaletokenconfirmation.com/index.html]
[presaletokenconfirmation.com/assets/images/favicon.html]
[presaletokenconfirmation.com/assets/css/animate.css]
[presaletokenconfirmation.com/assets/js/scripts.js]
[presaletokenconfirmation.com/assets/bootstrap/css/bootstrap.min.css]
[presaletokenconfirmation.com/assets/fonts/fontawesome-webfont3e6e.eot]
[presaletokenconfirmation.com/assets/fonts/fontawesome-webfontd41d.eot]
[presaletokenconfirmation.com/assets/fonts/fontawesome-webfont3e6e.woff2]
[presaletokenconfirmation.com/assets/fonts/fontawesome-webfont3e6e.woff]
[presaletokenconfirmation.com/assets/fonts/fontawesome-webfont3e6e.ttf]
[presaletokenconfirmation.com/assets/css/font-awesome.min.css]
[presaletokenconfirmation.com/assets/fonts/fontawesome-webfont3e6e.svg]
[presaletokenconfirmation.com/assets/fonts/ionicons28b5.eot]
[presaletokenconfirmation.com/assets/fonts/ionicons28b5.ttf]
[presaletokenconfirmation.com/assets/fonts/ionicons28b5.woff]
[presaletokenconfirmation.com/assets/css/ionicons.min.css]
[presaletokenconfirmation.com/assets/fonts/ionicons28b5.svg]
[presaletokenconfirmation.com/assets/fonts/cryptocoins.woff2]
[presaletokenconfirmation.com/assets/fonts/cryptocoins.woff]
[presaletokenconfirmation.com/assets/fonts/cryptocoins.ttf]
[presaletokenconfirmation.com/assets/css/cryptocoins.css]
[presaletokenconfirmation.com/assets/owlcarousel/css/owl.carousel.min.css]
[presaletokenconfirmation.com/assets/owlcarousel/css/owl.theme.default.min.css]
[presaletokenconfirmation.com/assets/css/magnific-popup.css]
[presaletokenconfirmation.com/assets/css/spop.min.css]
[presaletokenconfirmation.com/assets/images/banner_bg1.png]
[presaletokenconfirmation.com/assets/images/wave.png]
[presaletokenconfirmation.com/assets/images/rounded_shape.png]
[presaletokenconfirmation.com/assets/images/token_countdown_bg.png]
[presaletokenconfirmation.com/assets/images/token_bg2.png]
[presaletokenconfirmation.com/assets/images/footer_pattern.png]
[presaletokenconfirmation.com/assets/images/counter_bg.jpg]
[presaletokenconfirmation.com/assets/images/whitepaper_pattern.png]
[presaletokenconfirmation.com/assets/css/style.css]
[presaletokenconfirmation.com/assets/css/responsive.css]
[presaletokenconfirmation.com/assets/color/theme.css]
[presaletokenconfirmation.com/index-2.html]
[presaletokenconfirmation.com/assets/images/icons8-ethereum.svg]
[presaletokenconfirmation.com/assets/images/bnb-logo.svg]
[presaletokenconfirmation.com/assets/images/busd-logo.svg]
[presaletokenconfirmation.com/assets/images/tether.svg]
[presaletokenconfirmation.com/assets/fonts/fontawesome-webfont3e6e.svg]
[presaletokenconfirmation.com/assets/fonts/ionicons28b5.svg]
[presaletokenconfirmation.com/assets/owlcarousel/css/owl.video.play.html]
[presaletokenconfirmation.com/assets/images/about_bg.html]
[presaletokenconfirmation.com/assets/images/counter_bg.html]
[presaletokenconfirmation.com/assets/images/mobile_shape_bg.html]
